collected 839 files
Traceback (most recent call last):
  File "C:\Users\22508\.workbuddy\binaries\python\versions\3.13.12\Lib\urllib\request.py", line 1319, in do_open
    h.request(req.get_method(), req.selector, req.data, headers,
    ~~~~~~~~~^^^^^^^^^^^^^^^^^^^^^^^^^^^^^^^^^^^^^^^^^^^^^^^^^^^
              encode_chunked=req.has_header('Transfer-encoding'))
              ^^^^^^^^^^^^^^^^^^^^^^^^^^^^^^^^^^^^^^^^^^^^^^^^^^^
  File "C:\Users\22508\.workbuddy\binaries\python\versions\3.13.12\Lib\http\client.py", line 1367, in request
    self._send_request(method, url, body, headers, encode_chunked)
    ~~~~~~~~~~~~~~~~~~^^^^^^^^^^^^^^^^^^^^^^^^^^^^^^^^^^^^^^^^^^^^
  File "C:\Users\22508\.workbuddy\binaries\python\versions\3.13.12\Lib\http\client.py", line 1413, in _send_request
    self.endheaders(body, encode_chunked=encode_chunked)
    ~~~~~~~~~~~~~~~^^^^^^^^^^^^^^^^^^^^^^^^^^^^^^^^^^^^^
  File "C:\Users\22508\.workbuddy\binaries\python\versions\3.13.12\Lib\http\client.py", line 1362, in endheaders
    self._send_output(message_body, encode_chunked=encode_chunked)
    ~~~~~~~~~~~~~~~~~^^^^^^^^^^^^^^^^^^^^^^^^^^^^^^^^^^^^^^^^^^^^^
  File "C:\Users\22508\.workbuddy\binaries\python\versions\3.13.12\Lib\http\client.py", line 1122, in _send_output
    self.send(msg)
    ~~~~~~~~~^^^^^
  File "C:\Users\22508\.workbuddy\binaries\python\versions\3.13.12\Lib\http\client.py", line 1066, in send
    self.connect()
    ~~~~~~~~~~~~^^
  File "C:\Users\22508\.workbuddy\binaries\python\versions\3.13.12\Lib\http\client.py", line 1501, in connect
    super().connect()
    ~~~~~~~~~~~~~~~^^
  File "C:\Users\22508\.workbuddy\binaries\python\versions\3.13.12\Lib\http\client.py", line 1042, in connect
    self._tunnel()
    ~~~~~~~~~~~~^^
  File "C:\Users\22508\.workbuddy\binaries\python\versions\3.13.12\Lib\http\client.py", line 1010, in _tunnel
    raise OSError(f"Tunnel connection failed: {code} {message.strip()}")
OSError: Tunnel connection failed: 502 Bad Gateway

During handling of the above exception, another exception occurred:

Traceback (most recent call last):
  File "F:\中转站\毕设\Ai毕设\_thesis_source_export\_push_api.py", line 52, in <module>
    body, _ = api("GET", f"{API}/repos/{REPO}/git/refs/heads/main")
              ~~~^^^^^^^^^^^^^^^^^^^^^^^^^^^^^^^^^^^^^^^^^^^^^^^^^^
  File "F:\中转站\毕设\Ai毕设\_thesis_source_export\_push_api.py", line 39, in api
    with urllib.request.urlopen(req, timeout=60, context=ctx) as r:
         ~~~~~~~~~~~~~~~~~~~~~~^^^^^^^^^^^^^^^^^^^^^^^^^^^^^^
  File "C:\Users\22508\.workbuddy\binaries\python\versions\3.13.12\Lib\urllib\request.py", line 189, in urlopen
    return opener.open(url, data, timeout)
           ~~~~~~~~~~~^^^^^^^^^^^^^^^^^^^^
  File "C:\Users\22508\.workbuddy\binaries\python\versions\3.13.12\Lib\urllib\request.py", line 489, in open
    response = self._open(req, data)
  File "C:\Users\22508\.workbuddy\binaries\python\versions\3.13.12\Lib\urllib\request.py", line 506, in _open
    result = self._call_chain(self.handle_open, protocol, protocol +
                              '_open', req)
  File "C:\Users\22508\.workbuddy\binaries\python\versions\3.13.12\Lib\urllib\request.py", line 466, in _call_chain
    result = func(*args)
  File "C:\Users\22508\.workbuddy\binaries\python\versions\3.13.12\Lib\urllib\request.py", line 1367, in https_open
    return self.do_open(http.client.HTTPSConnection, req,
           ~~~~~~~~~~~~^^^^^^^^^^^^^^^^^^^^^^^^^^^^^^^^^^
                        context=self._context)
                        ^^^^^^^^^^^^^^^^^^^^^^
  File "C:\Users\22508\.workbuddy\binaries\python\versions\3.13.12\Lib\urllib\request.py", line 1322, in do_open
    raise URLError(err)
urllib.error.URLError: <urlopen error Tunnel connection failed: 502 Bad Gateway>
